# colemak layout

# different symbols 
	keycode		40 = apostrophe
shift	keycode		40 = quotedbl
	keycode		25 = semicolon
shift	keycode		25 = colon
	keycode		26 = bracketleft
shift	keycode		26 = braceleft
	keycode		27 = bracketright
shift	keycode		27 = braceright
control	keycode		27 = Control_bracketright
	keycode		43 = backslash
shift	keycode		43 = bar
control	keycode		43 = Control_backslash
	keycode		51 = comma
shift	keycode		51 = less
	keycode		52 = period
shift	keycode		52 = greater
	keycode		53 = slash
shift	keycode		53 = question
	keycode		86 = minus
shift	keycode		86 = underscore
	keycode		57 = space

# digits row
	keycode		41 = grave
shift	keycode		41 = asciitilde
	keycode		2 = one
shift	keycode		2 = exclam
	keycode		3 = two
shift	keycode		3 = at
	keycode		4 = three
shift	keycode		4 = numbersign
	keycode		5 = four
shift	keycode		5 = dollar
	keycode		6 = five
shift	keycode		6 = percent
	keycode		7 = six
shift	keycode		7 = asciicircum
control	keycode		7 = Control_asciicircum
	keycode		8 = seven
shift	keycode		8 = ampersand
	keycode		9 = eight
shift	keycode		9 = asterisk
	keycode		10 = nine
shift	keycode		10 = parenleft
	keycode		11 = zero
shift	keycode		11 = parenright
	keycode		12 = minus
shift	keycode		12 = underscore
control	keycode		12 = Control_underscore
	keycode		13 = equal
shift	keycode		13 = plus

# letters
	keycode		16 = q
	keycode		17 = w
	keycode		18 = f
	keycode		19 = p
	keycode		20 = g
	keycode		21 = j
	keycode		22 = l
	keycode		23 = u
	keycode		24 = y
	keycode		30 = a
	keycode		31 = r
	keycode		32 = s
	keycode		33 = t
	keycode		34 = d
	keycode		35 = h
	keycode		36 = n
	keycode		37 = e
	keycode		38 = i
	keycode		39 = o
	keycode		44 = z
	keycode		45 = x
	keycode		46 = c
	keycode		47 = v
	keycode		48 = b
	keycode		49 = k
	keycode		50 = m
