# russian ytsuken layout
# caps-lock and esc are swapped

altgr			keycode		41 = grave
altgr	shift		keycode		41 = asciitilde
altgr			keycode		2 = one
altgr	shift		keycode		2 = exclam
altgr			keycode		3 = two
altgr	shift		keycode		3 = quotedbl
altgr			keycode		4 = three
altgr	shift		keycode		4 = U+2116
altgr			keycode		5 = four
altgr	shift		keycode		5 = semicolon
altgr			keycode		6 = five
altgr	shift		keycode		6 = percent
altgr			keycode		7 = six
altgr	shift		keycode		7 = colon
altgr	control		keycode		7 = Control_asciicircum
altgr			keycode		8 = seven
altgr	shift		keycode		8 = question
altgr			keycode		9 = eight
altgr	shift		keycode		9 = asterisk
altgr			keycode		10 = nine
altgr	shift		keycode		10 = parenleft
altgr			keycode		11 = zero
altgr	shift		keycode		11 = parenright
altgr			keycode		12 = minus
altgr	shift		keycode		12 = underscore
altgr	control		keycode		12 = Control_underscore
altgr			keycode		13 = equal
altgr	shift		keycode		13 = plus
altgr			keycode		53 = period
altgr	shift		keycode		53 = comma
altgr			keycode		16 = U+0439        # CYRILLIC SMALL LETTER SHORT I
altgr	shift		keycode		16 = U+0419        # CYRILLIC CAPITAL LETTER SHORT I
altgr			keycode		17 = U+0446        # CYRILLIC SMALL LETTER TSE
altgr	shift		keycode		17 = U+0426        # CYRILLIC CAPITAL LETTER TSE
altgr			keycode		18 = U+0443        # CYRILLIC SMALL LETTER U
altgr	shift		keycode		18 = U+0423        # CYRILLIC CAPITAL LETTER U
altgr			keycode		19 = U+043A        # CYRILLIC SMALL LETTER KA
altgr	shift		keycode		19 = U+041A        # CYRILLIC CAPITAL LETTER KA
altgr			keycode		20 = U+0435        # CYRILLIC SMALL LETTER IE
altgr	shift		keycode		20 = U+0415        # CYRILLIC CAPITAL LETTER IE
altgr			keycode		21 = U+043D        # CYRILLIC SMALL LETTER EN
altgr	shift		keycode		21 = U+041D        # CYRILLIC CAPITAL LETTER EN
altgr			keycode		22 = U+0433        # CYRILLIC SMALL LETTER GHE
altgr	shift		keycode		22 = U+0413        # CYRILLIC CAPITAL LETTER GHE
altgr			keycode		23 = U+0448        # CYRILLIC SMALL LETTER SHA
altgr	shift		keycode		23 = U+0428        # CYRILLIC CAPITAL LETTER SHA
altgr			keycode		24 = U+0449        # CYRILLIC SMALL LETTER SHCHA
altgr	shift		keycode		24 = U+0429        # CYRILLIC CAPITAL LETTER SHCHA
altgr			keycode		25 = U+0437        # CYRILLIC SMALL LETTER ZE
altgr	shift		keycode		25 = U+0417        # CYRILLIC CAPITAL LETTER ZE
altgr			keycode		26 = U+0445        # CYRILLIC SMALL LETTER HA
altgr	shift		keycode		26 = U+0425        # CYRILLIC CAPITAL LETTER HA
altgr			keycode		27 = U+044A        # CYRILLIC SMALL LETTER HARD SIGN
altgr	shift		keycode		27 = U+042A        # CYRILLIC CAPITAL LETTER HARD SIGN
altgr			keycode		30 = U+0444        # CYRILLIC SMALL LETTER EF
altgr	shift		keycode		30 = U+0424        # CYRILLIC CAPITAL LETTER EF
altgr			keycode		31 = U+044B        # CYRILLIC SMALL LETTER YERU
altgr	shift		keycode		31 = U+042B        # CYRILLIC CAPITAL LETTER YERU
altgr			keycode		32 = U+0432        # CYRILLIC SMALL LETTER VE
altgr	shift		keycode		32 = U+0412        # CYRILLIC CAPITAL LETTER VE
altgr			keycode		33 = U+0430        # CYRILLIC SMALL LETTER A
altgr	shift		keycode		33 = U+0410        # CYRILLIC CAPITAL LETTER A
altgr			keycode		34 = U+043F        # CYRILLIC SMALL LETTER PE
altgr	shift		keycode		34 = U+041F        # CYRILLIC CAPITAL LETTER PE
altgr			keycode		35 = U+0440        # CYRILLIC SMALL LETTER ER
altgr	shift		keycode		35 = U+0420        # CYRILLIC CAPITAL LETTER ER
altgr			keycode		36 = U+043E        # CYRILLIC SMALL LETTER O
altgr	shift		keycode		36 = U+041E        # CYRILLIC CAPITAL LETTER O
altgr			keycode		37 = U+043B        # CYRILLIC SMALL LETTER EL
altgr	shift		keycode		37 = U+041B        # CYRILLIC CAPITAL LETTER EL
altgr			keycode		38 = U+0434        # CYRILLIC SMALL LETTER DE
altgr	shift		keycode		38 = U+0414        # CYRILLIC CAPITAL LETTER DE
altgr			keycode		39 = U+0436        # CYRILLIC SMALL LETTER ZHE
altgr	shift		keycode		39 = U+0416        # CYRILLIC CAPITAL LETTER ZHE
altgr			keycode		40 = U+044D        # CYRILLIC SMALL LETTER E
altgr	shift		keycode		40 = U+042D        # CYRILLIC CAPITAL LETTER E
altgr			keycode		41 = U+0451        # CYRILLIC SMALL LETTER IO
altgr	shift		keycode		41 = U+0401        # CYRILLIC CAPITAL LETTER IO
altgr			keycode		44 = U+044F        # CYRILLIC SMALL LETTER YA
altgr	shift		keycode		44 = U+042F        # CYRILLIC CAPITAL LETTER YA
altgr			keycode		45 = U+0447        # CYRILLIC SMALL LETTER CHE
altgr	shift		keycode		45 = U+0427        # CYRILLIC CAPITAL LETTER CHE
altgr			keycode		46 = U+0441        # CYRILLIC SMALL LETTER ES
altgr	shift		keycode		46 = U+0421        # CYRILLIC CAPITAL LETTER ES
altgr			keycode		47 = U+043C        # CYRILLIC SMALL LETTER EM
altgr	shift		keycode		47 = U+041C        # CYRILLIC CAPITAL LETTER EM
altgr			keycode		48 = U+0438        # CYRILLIC SMALL LETTER I
altgr	shift		keycode		48 = U+0418        # CYRILLIC CAPITAL LETTER I
altgr			keycode		49 = U+0442        # CYRILLIC SMALL LETTER TE
altgr	shift		keycode		49 = U+0422        # CYRILLIC CAPITAL LETTER TE
altgr			keycode		50 = U+044C        # CYRILLIC SMALL LETTER SOFT SIGN
altgr	shift		keycode		50 = U+042C        # CYRILLIC CAPITAL LETTER SOFT SIGN
altgr			keycode		51 = U+0431        # CYRILLIC SMALL LETTER BE
altgr	shift		keycode		51 = U+0411        # CYRILLIC CAPITAL LETTER BE
altgr			keycode		52 = U+044E        # CYRILLIC SMALL LETTER YU
altgr	shift		keycode		52 = U+042E        # CYRILLIC CAPITAL LETTER YU
